
> lifegame@0.1.0 build
> next build

Ôû▓ Next.js 16.1.6 (Turbopack)
- Environments: .env.local

  Creating an optimized production build ...
Ô£ô Compiled successfully in 2.7s
  Running TypeScript ...
node.exe : Failed to compile.
At line:1 char:1
+ & "C:\Program Files\nodejs/node.exe" "C:\Users\Xia 
Xia\AppData\Roamin ...
+ ~~~~~~~~~~~~~~~~~~~~~~~~~~~~~~~~~~~~~~~~~~~~~~~~~~~~
~~~~~~~~~~~~~~~~~
    + CategoryInfo          : NotSpecified: (Failed t 
   o compile.:String) [], RemoteException
    + FullyQualifiedErrorId : NativeCommandError
 

.next/dev/types/validator.ts:62:39
Type error: File 'C:/Users/Xia Xia/Documents/Github/li
fegame/app/(authenticated)/arena/logic/page.tsx' is 
not a module.

[0m [90m 60 |[39m {
 [90m 61 |[39m   type 
__IsExpected[33m<[39m[33mSpecific[39m 
[36mextends[39m [33mAppPageConfig[39m[33m<[39m[
32m"/arena/logic"[39m[33m>>[39m [33m=[39m 
[33mSpecific[39m
[31m[1m>[22m[39m[90m 62 |[39m   [36mconst[39m 
handler [33m=[39m {} [36mas[39m [36mtypeof[39m 
[36mimport[39m([32m"../../../app/(authenticated)/are
na/logic/page.js"[39m)
 [90m    |[39m                                      
 [31m[1m^[22m[39m
 [90m 63 |[39m   type __Check [33m=[39m 
__IsExpected[33m<[39m[36mtypeof[39m 
handler[33m>[39m
 [90m 64 |[39m   [90m// @ts-ignore[39m
 [90m 65 |[39m   type __Unused [33m=[39m 
__Check[0m
Next.js build worker exited with code: 1 and signal: 
null
